// Vitest Snapshot v1, https://vitest.dev/guide/snapshot.html

exports[`HelloWorld > snapshot UI testing 1`] = `"Name :"`;
